#
# There is insufficient memory for the Java Runtime Environment to continue.
# Native memory allocation (malloc) failed to allocate 32744 bytes for ChunkPool::allocate
# Possible reasons:
#   The system is out of physical RAM or swap space
#   The process is running with CompressedOops enabled, and the Java Heap may be blocking the growth of the native heap
# Possible solutions:
#   Reduce memory load on the system
#   Increase physical memory or swap space
#   Check if swap backing store is full
#   Decrease Java heap size (-Xmx/-Xms)
#   Decrease number of Java threads
#   Decrease Java thread stack sizes (-Xss)
#   Set larger code cache with -XX:ReservedCodeCacheSize=
#   JVM is running with Zero Based Compressed Oops mode in which the Java heap is
#     placed in the first 32GB address space. The Java Heap base address is the
#     maximum limit for the native heap growth. Please use -XX:HeapBaseMinAddress
#     to set the Java Heap base and to place the Java Heap above 32GB virtual address.
# This output file may be truncated or incomplete.
#
#  Out of Memory Error (arena.cpp:78), pid=15624, tid=4308
#
# JRE version: Java(TM) SE Runtime Environment (17.0.10+11) (build 17.0.10+11-LTS-240)
# Java VM: Java HotSpot(TM) 64-Bit Server VM (17.0.10+11-LTS-240, mixed mode, emulated-client, sharing, tiered, compressed oops, compressed class ptrs, g1 gc, windows-amd64)
# No core dump will be written. Minidumps are not enabled by default on client versions of Windows
#

---------------  S U M M A R Y ------------

Command Line: -Dspring.output.ansi.enabled=ALWAYS -XX:TieredStopAtLevel=1 -Dfile.encoding=windows-1252 -Duser.country=FR -Duser.language=fr -Duser.variant org.apache.fineract.ServerApplication

Host: 11th Gen Intel(R) Core(TM) i5-1135G7 @ 2.40GHz, 8 cores, 11G,  Windows 10 , 64 bit Build 19041 (10.0.19041.4957)
Time: Thu Oct 24 15:31:36 2024 Afr. centrale Ouest elapsed time: 50.536310 seconds (0d 0h 0m 50s)

---------------  T H R E A D  ---------------

Current thread (0x000001e8dfc67460):  JavaThread "C1 CompilerThread1" daemon [_thread_in_native, id=4308, stack(0x00000075bab00000,0x00000075bac00000)]


Current CompileTask:
C1:  50536 14681   !   1       nonapi.io.github.classgraph.fastzipfilereader.LogicalZipFile::readCentralDirectory (3381 bytes)

Stack: [0x00000075bab00000,0x00000075bac00000]
Native frames: (J=compiled Java code, j=interpreted, Vv=VM code, C=native code)
V  [jvm.dll+0x677a5a]
V  [jvm.dll+0x7d8b2d]
V  [jvm.dll+0x7da48e]
V  [jvm.dll+0x7daaf3]
V  [jvm.dll+0x2455ff]
V  [jvm.dll+0xaad50]
V  [jvm.dll+0xab09c]
V  [jvm.dll+0x175a93]
V  [jvm.dll+0x175b5e]
V  [jvm.dll+0x178372]
V  [jvm.dll+0x179ed1]
V  [jvm.dll+0x134e33]
V  [jvm.dll+0x13474f]
V  [jvm.dll+0x134988]
V  [jvm.dll+0x133e21]
V  [jvm.dll+0x135abd]
V  [jvm.dll+0x226aeb]
V  [jvm.dll+0x224cab]
V  [jvm.dll+0x78e45c]
V  [jvm.dll+0x78888a]
V  [jvm.dll+0x676935]
C  [ucrtbase.dll+0x21bb2]
C  [KERNEL32.DLL+0x17374]
C  [ntdll.dll+0x4cc91]


---------------  P R O C E S S  ---------------

Threads class SMR info:
_java_thread_list=0x000001e8e2223430, length=31, elements={
0x000001e885b58fb0, 0x000001e899ee2b30, 0x000001e899ee36f0, 0x000001e899ef6e10,
0x000001e899ef98e0, 0x000001e899efa2a0, 0x000001e899efd070, 0x000001e899efe0f0,
0x000001e899efeaf0, 0x000001e8df20e130, 0x000001e8df210430, 0x000001e8e2722b50,
0x000001e8e2debc10, 0x000001e8e2deda70, 0x000001e8e2dee9a0, 0x000001e8e2ded050,
0x000001e8dfc67460, 0x000001e8e2decb40, 0x000001e8e2deeeb0, 0x000001e8e2dedf80,
0x000001e8e2deb700, 0x000001e8e8f65fb0, 0x000001e8e8f67900, 0x000001e8e8f66ee0,
0x000001e8e8f6a180, 0x000001e8e8f65aa0, 0x000001e8e8f664c0, 0x000001e8e8f6c4f0,
0x000001e8e8f65080, 0x000001e8e8f65590, 0x000001e8e8f673f0
}

Java Threads: ( => current thread )
  0x000001e885b58fb0 JavaThread "main" [_thread_blocked, id=10368, stack(0x00000075b8a00000,0x00000075b8b00000)]
  0x000001e899ee2b30 JavaThread "Reference Handler" daemon [_thread_blocked, id=13716, stack(0x00000075b9100000,0x00000075b9200000)]
  0x000001e899ee36f0 JavaThread "Finalizer" daemon [_thread_blocked, id=11068, stack(0x00000075b9200000,0x00000075b9300000)]
  0x000001e899ef6e10 JavaThread "Signal Dispatcher" daemon [_thread_blocked, id=2588, stack(0x00000075b9300000,0x00000075b9400000)]
  0x000001e899ef98e0 JavaThread "Attach Listener" daemon [_thread_blocked, id=9316, stack(0x00000075b9400000,0x00000075b9500000)]
  0x000001e899efa2a0 JavaThread "Service Thread" daemon [_thread_blocked, id=19404, stack(0x00000075b9500000,0x00000075b9600000)]
  0x000001e899efd070 JavaThread "Monitor Deflation Thread" daemon [_thread_blocked, id=2960, stack(0x00000075b9600000,0x00000075b9700000)]
  0x000001e899efe0f0 JavaThread "C1 CompilerThread0" daemon [_thread_blocked, id=19096, stack(0x00000075b9700000,0x00000075b9800000)]
  0x000001e899efeaf0 JavaThread "Sweeper thread" daemon [_thread_blocked, id=19428, stack(0x00000075b9800000,0x00000075b9900000)]
  0x000001e8df20e130 JavaThread "Notification Thread" daemon [_thread_blocked, id=6608, stack(0x00000075b9b00000,0x00000075b9c00000)]
  0x000001e8df210430 JavaThread "Common-Cleaner" daemon [_thread_blocked, id=20000, stack(0x00000075b9d00000,0x00000075b9e00000)]
  0x000001e8e2722b50 JavaThread "HikariPool-1 housekeeper" daemon [_thread_blocked, id=17564, stack(0x00000075baa00000,0x00000075bab00000)]
  0x000001e8e2debc10 JavaThread "HikariPool-2 housekeeper" daemon [_thread_blocked, id=652, stack(0x00000075bac00000,0x00000075bad00000)]
  0x000001e8e2deda70 JavaThread "Catalina-utility-1" [_thread_blocked, id=12028, stack(0x00000075b9900000,0x00000075b9a00000)]
  0x000001e8e2dee9a0 JavaThread "Catalina-utility-2" [_thread_blocked, id=18816, stack(0x00000075b9a00000,0x00000075b9b00000)]
  0x000001e8e2ded050 JavaThread "container-0" [_thread_blocked, id=19020, stack(0x00000075ba500000,0x00000075ba600000)]
=>0x000001e8dfc67460 JavaThread "C1 CompilerThread1" daemon [_thread_in_native, id=4308, stack(0x00000075bab00000,0x00000075bac00000)]
  0x000001e8e2decb40 JavaThread "ClassGraph-worker-0" daemon [_thread_blocked, id=4672, stack(0x00000075baf00000,0x00000075bb000000)]
  0x000001e8e2deeeb0 JavaThread "ClassGraph-worker-1" daemon [_thread_blocked, id=19688, stack(0x00000075bb000000,0x00000075bb100000)]
  0x000001e8e2dedf80 JavaThread "ClassGraph-worker-2" daemon [_thread_blocked, id=9532, stack(0x00000075bb100000,0x00000075bb200000)]
  0x000001e8e2deb700 JavaThread "ClassGraph-worker-3" daemon [_thread_blocked, id=2552, stack(0x00000075bb200000,0x00000075bb300000)]
  0x000001e8e8f65fb0 JavaThread "ClassGraph-worker-4" daemon [_thread_blocked, id=4200, stack(0x00000075bb300000,0x00000075bb400000)]
  0x000001e8e8f67900 JavaThread "ClassGraph-worker-5" daemon [_thread_blocked, id=2644, stack(0x00000075bb400000,0x00000075bb500000)]
  0x000001e8e8f66ee0 JavaThread "ClassGraph-worker-6" daemon [_thread_blocked, id=14244, stack(0x00000075bb500000,0x00000075bb600000)]
  0x000001e8e8f6a180 JavaThread "ClassGraph-worker-7" daemon [_thread_blocked, id=9972, stack(0x00000075bb600000,0x00000075bb700000)]
  0x000001e8e8f65aa0 JavaThread "ClassGraph-worker-8" daemon [_thread_blocked, id=13244, stack(0x00000075bb700000,0x00000075bb800000)]
  0x000001e8e8f664c0 JavaThread "ClassGraph-worker-9" daemon [_thread_blocked, id=16988, stack(0x00000075bb800000,0x00000075bb900000)]
  0x000001e8e8f6c4f0 JavaThread "ClassGraph-worker-10" daemon [_thread_blocked, id=12896, stack(0x00000075bb900000,0x00000075bba00000)]
  0x000001e8e8f65080 JavaThread "ClassGraph-worker-11" daemon [_thread_blocked, id=19264, stack(0x00000075bba00000,0x00000075bbb00000)]
  0x000001e8e8f65590 JavaThread "ClassGraph-worker-12" daemon [_thread_blocked, id=10672, stack(0x00000075bbb00000,0x00000075bbc00000)]
  0x000001e8e8f673f0 JavaThread "ClassGraph-worker-13" daemon [_thread_blocked, id=18484, stack(0x00000075bbc00000,0x00000075bbd00000)]

Other Threads:
  0x000001e899edc070 VMThread "VM Thread" [stack: 0x00000075b9000000,0x00000075b9100000] [id=5056]
  0x000001e885bcacd0 WatcherThread [stack: 0x00000075b9c00000,0x00000075b9d00000] [id=18220]
  0x000001e885bb20c0 GCTaskThread "GC Thread#0" [stack: 0x00000075b8b00000,0x00000075b8c00000] [id=12520]
  0x000001e8e0078640 GCTaskThread "GC Thread#1" [stack: 0x00000075b9e00000,0x00000075b9f00000] [id=5948]
  0x000001e8e0078900 GCTaskThread "GC Thread#2" [stack: 0x00000075b9f00000,0x00000075ba000000] [id=9824]
  0x000001e8e0078bc0 GCTaskThread "GC Thread#3" [stack: 0x00000075ba000000,0x00000075ba100000] [id=13564]
  0x000001e8e04983a0 GCTaskThread "GC Thread#4" [stack: 0x00000075ba100000,0x00000075ba200000] [id=18880]
  0x000001e8e0662b20 GCTaskThread "GC Thread#5" [stack: 0x00000075ba200000,0x00000075ba300000] [id=13008]
  0x000001e8e0662de0 GCTaskThread "GC Thread#6" [stack: 0x00000075ba300000,0x00000075ba400000] [id=7788]
  0x000001e8e099e0a0 GCTaskThread "GC Thread#7" [stack: 0x00000075ba600000,0x00000075ba700000] [id=15748]
  0x000001e885bbeb20 ConcurrentGCThread "G1 Main Marker" [stack: 0x00000075b8c00000,0x00000075b8d00000] [id=17320]
  0x000001e885bbfcd0 ConcurrentGCThread "G1 Conc#0" [stack: 0x00000075b8d00000,0x00000075b8e00000] [id=16036]
  0x000001e8e099dde0 ConcurrentGCThread "G1 Conc#1" [stack: 0x00000075ba400000,0x00000075ba500000] [id=14700]
  0x000001e885c2de60 ConcurrentGCThread "G1 Refine#0" [stack: 0x00000075b8e00000,0x00000075b8f00000] [id=16412]
  0x000001e8df13fa20 ConcurrentGCThread "G1 Refine#1" [stack: 0x00000075ba700000,0x00000075ba800000] [id=15712]
  0x000001e8df13f440 ConcurrentGCThread "G1 Refine#2" [stack: 0x00000075ba800000,0x00000075ba900000] [id=19840]
  0x000001e885c2e890 ConcurrentGCThread "G1 Service" [stack: 0x00000075b8f00000,0x00000075b9000000] [id=19660]

Threads with active compile tasks:
C1 CompilerThread0    50560 14703       1       java.util.ComparableTimSort::gallopRight (327 bytes)
C1 CompilerThread1    50560 14681   !   1       nonapi.io.github.classgraph.fastzipfilereader.LogicalZipFile::readCentralDirectory (3381 bytes)

VM state: at safepoint (normal execution)

VM Mutex/Monitor currently owned by a thread:  ([mutex/lock_event])
[0x000001e885b53b60] Threads_lock - owner thread: 0x000001e899edc070
[0x000001e885b54190] Heap_lock - owner thread: 0x000001e8e2deb700

Heap address: 0x0000000744e00000, size: 2994 MB, Compressed Oops mode: Zero based, Oop shift amount: 3

CDS archive(s) mapped at: [0x000001e89a000000-0x000001e89abd0000-0x000001e89abd0000), size 12386304, SharedBaseAddress: 0x000001e89a000000, ArchiveRelocationMode: 1.
Compressed class space mapped at: 0x000001e89b000000-0x000001e8db000000, reserved size: 1073741824
Narrow klass base: 0x000001e89a000000, Narrow klass shift: 0, Narrow klass range: 0x100000000

GC Precious Log:
 CPUs: 8 total, 8 available
 Memory: 11968M
 Large Page Support: Disabled
 NUMA Support: Disabled
 Compressed Oops: Enabled (Zero based)
 Heap Region Size: 2M
 Heap Min Capacity: 8M
 Heap Initial Capacity: 188M
 Heap Max Capacity: 2994M
 Pre-touch: Disabled
 Parallel Workers: 8
 Concurrent Workers: 2
 Concurrent Refinement Workers: 8
 Periodic GC: Disabled

Heap:
 garbage-first heap   total 354304K, used 313229K [0x0000000744e00000, 0x0000000800000000)
  region size 2048K, 24 young (49152K), 3 survivors (6144K)
 Metaspace       used 138259K, committed 140544K, reserved 1179648K
  class space    used 16568K, committed 17472K, reserved 1048576K

Heap Regions: E=young(eden), S=young(survivor), O=old, HS=humongous(starts), HC=humongous(continues), CS=collection set, F=free, OA=open archive, CA=closed archive, TAMS=top-at-mark-start (previous, next)
|   0|0x0000000744e00000, 0x0000000745000000, 0x0000000745000000|100%| O|  |TAMS 0x0000000745000000, 0x0000000744e00000| Untracked 
|   1|0x0000000745000000, 0x0000000745200000, 0x0000000745200000|100%| O|  |TAMS 0x0000000745200000, 0x0000000745000000| Untracked 
|   2|0x0000000745200000, 0x0000000745400000, 0x0000000745400000|100%| O|  |TAMS 0x0000000745400000, 0x0000000745200000| Untracked 
|   3|0x0000000745400000, 0x0000000745600000, 0x0000000745600000|100%| O|  |TAMS 0x0000000745600000, 0x0000000745400000| Untracked 
|   4|0x0000000745600000, 0x0000000745800000, 0x0000000745800000|100%| O|  |TAMS 0x0000000745800000, 0x0000000745600000| Untracked 
|   5|0x0000000745800000, 0x0000000745a00000, 0x0000000745a00000|100%| O|  |TAMS 0x0000000745a00000, 0x0000000745800000| Untracked 
|   6|0x0000000745a00000, 0x0000000745c00000, 0x0000000745c00000|100%| O|  |TAMS 0x0000000745c00000, 0x0000000745a00000| Untracked 
|   7|0x0000000745c00000, 0x0000000745e00000, 0x0000000745e00000|100%| O|  |TAMS 0x0000000745e00000, 0x0000000745c00000| Untracked 
|   8|0x0000000745e00000, 0x0000000746000000, 0x0000000746000000|100%| O|  |TAMS 0x0000000746000000, 0x0000000745e00000| Untracked 
|   9|0x0000000746000000, 0x0000000746200000, 0x0000000746200000|100%| O|  |TAMS 0x0000000746200000, 0x0000000746000000| Untracked 
|  10|0x0000000746200000, 0x0000000746400000, 0x0000000746400000|100%| O|  |TAMS 0x0000000746400000, 0x0000000746200000| Untracked 
|  11|0x0000000746400000, 0x0000000746600000, 0x0000000746600000|100%| O|  |TAMS 0x0000000746600000, 0x0000000746400000| Untracked 
|  12|0x0000000746600000, 0x00000007467e5200, 0x0000000746800000| 94%| O|  |TAMS 0x00000007467e5200, 0x0000000746600000| Untracked 
|  13|0x0000000746800000, 0x0000000746a00000, 0x0000000746a00000|100%| O|  |TAMS 0x0000000746a00000, 0x0000000746800000| Untracked 
|  14|0x0000000746a00000, 0x0000000746c00000, 0x0000000746c00000|100%| O|  |TAMS 0x0000000746c00000, 0x0000000746a00000| Untracked 
|  15|0x0000000746c00000, 0x0000000746e00000, 0x0000000746e00000|100%| O|  |TAMS 0x0000000746e00000, 0x0000000746c00000| Untracked 
|  16|0x0000000746e00000, 0x0000000747000000, 0x0000000747000000|100%| O|  |TAMS 0x0000000747000000, 0x0000000746e00000| Untracked 
|  17|0x0000000747000000, 0x0000000747200000, 0x0000000747200000|100%| O|  |TAMS 0x0000000747200000, 0x0000000747000000| Untracked 
|  18|0x0000000747200000, 0x0000000747400000, 0x0000000747400000|100%| O|  |TAMS 0x0000000747400000, 0x0000000747200000| Untracked 
|  19|0x0000000747400000, 0x0000000747600000, 0x0000000747600000|100%| O|  |TAMS 0x0000000747600000, 0x0000000747400000| Untracked 
|  20|0x0000000747600000, 0x0000000747800000, 0x0000000747800000|100%| O|  |TAMS 0x0000000747800000, 0x0000000747600000| Untracked 
|  21|0x0000000747800000, 0x0000000747a00000, 0x0000000747a00000|100%| O|  |TAMS 0x0000000747a00000, 0x0000000747800000| Untracked 
|  22|0x0000000747a00000, 0x0000000747c00000, 0x0000000747c00000|100%| O|  |TAMS 0x0000000747c00000, 0x0000000747a00000| Untracked 
|  23|0x0000000747c00000, 0x0000000747e00000, 0x0000000747e00000|100%| O|  |TAMS 0x0000000747e00000, 0x0000000747c00000| Untracked 
|  24|0x0000000747e00000, 0x0000000748000000, 0x0000000748000000|100%| O|  |TAMS 0x0000000748000000, 0x0000000747e00000| Untracked 
|  25|0x0000000748000000, 0x0000000748200000, 0x0000000748200000|100%| O|  |TAMS 0x0000000748200000, 0x0000000748000000| Untracked 
|  26|0x0000000748200000, 0x0000000748400000, 0x0000000748400000|100%| O|  |TAMS 0x0000000748400000, 0x0000000748200000| Untracked 
|  27|0x0000000748400000, 0x0000000748600000, 0x0000000748600000|100%| O|  |TAMS 0x0000000748600000, 0x0000000748400000| Untracked 
|  28|0x0000000748600000, 0x0000000748800000, 0x0000000748800000|100%| O|  |TAMS 0x0000000748800000, 0x0000000748600000| Untracked 
|  29|0x0000000748800000, 0x0000000748a00000, 0x0000000748a00000|100%| O|  |TAMS 0x0000000748a00000, 0x0000000748800000| Untracked 
|  30|0x0000000748a00000, 0x0000000748c00000, 0x0000000748c00000|100%| O|  |TAMS 0x0000000748c00000, 0x0000000748a00000| Untracked 
|  31|0x0000000748c00000, 0x0000000748e00000, 0x0000000748e00000|100%| O|  |TAMS 0x0000000748c00000, 0x0000000748c00000| Untracked 
|  32|0x0000000748e00000, 0x0000000749000000, 0x0000000749000000|100%| O|  |TAMS 0x0000000749000000, 0x0000000748e00000| Untracked 
|  33|0x0000000749000000, 0x0000000749200000, 0x0000000749200000|100%| O|  |TAMS 0x0000000749200000, 0x0000000749000000| Untracked 
|  34|0x0000000749200000, 0x0000000749400000, 0x0000000749400000|100%| O|  |TAMS 0x0000000749400000, 0x0000000749200000| Untracked 
|  35|0x0000000749400000, 0x0000000749600000, 0x0000000749600000|100%| O|  |TAMS 0x0000000749600000, 0x0000000749400000| Untracked 
|  36|0x0000000749600000, 0x0000000749800000, 0x0000000749800000|100%| O|  |TAMS 0x0000000749800000, 0x0000000749600000| Untracked 
|  37|0x0000000749800000, 0x0000000749a00000, 0x0000000749a00000|100%| O|  |TAMS 0x0000000749a00000, 0x0000000749800000| Untracked 
|  38|0x0000000749a00000, 0x0000000749c00000, 0x0000000749c00000|100%| O|  |TAMS 0x0000000749c00000, 0x0000000749a00000| Untracked 
|  39|0x0000000749c00000, 0x0000000749e00000, 0x0000000749e00000|100%| O|  |TAMS 0x0000000749e00000, 0x0000000749c00000| Untracked 
|  40|0x0000000749e00000, 0x000000074a000000, 0x000000074a000000|100%| O|  |TAMS 0x000000074a000000, 0x0000000749e00000| Untracked 
|  41|0x000000074a000000, 0x000000074a200000, 0x000000074a200000|100%| O|  |TAMS 0x000000074a200000, 0x000000074a000000| Untracked 
|  42|0x000000074a200000, 0x000000074a400000, 0x000000074a400000|100%| O|  |TAMS 0x000000074a400000, 0x000000074a200000| Untracked 
|  43|0x000000074a400000, 0x000000074a600000, 0x000000074a600000|100%| O|  |TAMS 0x000000074a600000, 0x000000074a400000| Untracked 
|  44|0x000000074a600000, 0x000000074a800000, 0x000000074a800000|100%| O|  |TAMS 0x000000074a800000, 0x000000074a600000| Untracked 
|  45|0x000000074a800000, 0x000000074aa00000, 0x000000074aa00000|100%| O|  |TAMS 0x000000074aa00000, 0x000000074a800000| Untracked 
|  46|0x000000074aa00000, 0x000000074ac00000, 0x000000074ac00000|100%| O|  |TAMS 0x000000074ac00000, 0x000000074aa00000| Untracked 
|  47|0x000000074ac00000, 0x000000074ae00000, 0x000000074ae00000|100%| O|  |TAMS 0x000000074ae00000, 0x000000074ac00000| Untracked 
|  48|0x000000074ae00000, 0x000000074b000000, 0x000000074b000000|100%| O|  |TAMS 0x000000074b000000, 0x000000074ae00000| Untracked 
|  49|0x000000074b000000, 0x000000074b200000, 0x000000074b200000|100%| O|  |TAMS 0x000000074b200000, 0x000000074b000000| Untracked 
|  50|0x000000074b200000, 0x000000074b400000, 0x000000074b400000|100%| O|  |TAMS 0x000000074b400000, 0x000000074b200000| Untracked 
|  51|0x000000074b400000, 0x000000074b600000, 0x000000074b600000|100%| O|  |TAMS 0x000000074b400000, 0x000000074b400000| Untracked 
|  52|0x000000074b600000, 0x000000074b800000, 0x000000074b800000|100%| O|  |TAMS 0x000000074b600000, 0x000000074b600000| Untracked 
|  53|0x000000074b800000, 0x000000074ba00000, 0x000000074ba00000|100%| O|  |TAMS 0x000000074ba00000, 0x000000074b800000| Untracked 
|  54|0x000000074ba00000, 0x000000074bc00000, 0x000000074bc00000|100%| O|  |TAMS 0x000000074bc00000, 0x000000074ba00000| Untracked 
|  55|0x000000074bc00000, 0x000000074be00000, 0x000000074be00000|100%| O|  |TAMS 0x000000074be00000, 0x000000074bc00000| Untracked 
|  56|0x000000074be00000, 0x000000074c000000, 0x000000074c000000|100%| O|  |TAMS 0x000000074c000000, 0x000000074be00000| Untracked 
|  57|0x000000074c000000, 0x000000074c200000, 0x000000074c200000|100%| O|  |TAMS 0x000000074c200000, 0x000000074c000000| Untracked 
|  58|0x000000074c200000, 0x000000074c400000, 0x000000074c400000|100%| O|  |TAMS 0x000000074c400000, 0x000000074c200000| Untracked 
|  59|0x000000074c400000, 0x000000074c600000, 0x000000074c600000|100%| O|  |TAMS 0x000000074c600000, 0x000000074c400000| Untracked 
|  60|0x000000074c600000, 0x000000074c800000, 0x000000074c800000|100%| O|  |TAMS 0x000000074c6d1800, 0x000000074c600000| Untracked 
|  61|0x000000074c800000, 0x000000074ca00000, 0x000000074ca00000|100%| O|  |TAMS 0x000000074c800000, 0x000000074c800000| Untracked 
|  62|0x000000074ca00000, 0x000000074cc00000, 0x000000074cc00000|100%| O|  |TAMS 0x000000074ca00000, 0x000000074ca00000| Untracked 
|  63|0x000000074cc00000, 0x000000074ce00000, 0x000000074ce00000|100%| O|  |TAMS 0x000000074cc00000, 0x000000074cc00000| Untracked 
|  64|0x000000074ce00000, 0x000000074d000000, 0x000000074d000000|100%| O|  |TAMS 0x000000074ce00000, 0x000000074ce00000| Untracked 
|  65|0x000000074d000000, 0x000000074d200000, 0x000000074d200000|100%| O|  |TAMS 0x000000074d000000, 0x000000074d000000| Untracked 
|  66|0x000000074d200000, 0x000000074d400000, 0x000000074d400000|100%| O|  |TAMS 0x000000074d200000, 0x000000074d200000| Untracked 
|  67|0x000000074d400000, 0x000000074d600000, 0x000000074d600000|100%| O|  |TAMS 0x000000074d400000, 0x000000074d400000| Untracked 
|  68|0x000000074d600000, 0x000000074d800000, 0x000000074d800000|100%| O|  |TAMS 0x000000074d600000, 0x000000074d600000| Untracked 
|  69|0x000000074d800000, 0x000000074da00000, 0x000000074da00000|100%| O|  |TAMS 0x000000074d800000, 0x000000074d800000| Untracked 
|  70|0x000000074da00000, 0x000000074dc00000, 0x000000074dc00000|100%| O|  |TAMS 0x000000074da00000, 0x000000074da00000| Untracked 
|  71|0x000000074dc00000, 0x000000074de00000, 0x000000074de00000|100%| O|  |TAMS 0x000000074dc00000, 0x000000074dc00000| Untracked 
|  72|0x000000074de00000, 0x000000074e000000, 0x000000074e000000|100%| O|  |TAMS 0x000000074de00000, 0x000000074de00000| Untracked 
|  73|0x000000074e000000, 0x000000074e200000, 0x000000074e200000|100%| O|  |TAMS 0x000000074e000000, 0x000000074e000000| Untracked 
|  74|0x000000074e200000, 0x000000074e400000, 0x000000074e400000|100%| O|  |TAMS 0x000000074e200000, 0x000000074e200000| Untracked 
|  75|0x000000074e400000, 0x000000074e600000, 0x000000074e600000|100%| O|  |TAMS 0x000000074e400000, 0x000000074e400000| Untracked 
|  76|0x000000074e600000, 0x000000074e800000, 0x000000074e800000|100%| O|  |TAMS 0x000000074e600000, 0x000000074e600000| Untracked 
|  77|0x000000074e800000, 0x000000074ea00000, 0x000000074ea00000|100%| O|  |TAMS 0x000000074e800000, 0x000000074e800000| Untracked 
|  78|0x000000074ea00000, 0x000000074ec00000, 0x000000074ec00000|100%| O|  |TAMS 0x000000074ea00000, 0x000000074ea00000| Untracked 
|  79|0x000000074ec00000, 0x000000074ee00000, 0x000000074ee00000|100%| O|  |TAMS 0x000000074ec00000, 0x000000074ec00000| Untracked 
|  80|0x000000074ee00000, 0x000000074f000000, 0x000000074f000000|100%| O|  |TAMS 0x000000074ee00000, 0x000000074ee00000| Untracked 
|  81|0x000000074f000000, 0x000000074f200000, 0x000000074f200000|100%| O|  |TAMS 0x000000074f000000, 0x000000074f000000| Untracked 
|  82|0x000000074f200000, 0x000000074f400000, 0x000000074f400000|100%| O|  |TAMS 0x000000074f200000, 0x000000074f200000| Untracked 
|  83|0x000000074f400000, 0x000000074f600000, 0x000000074f600000|100%| O|  |TAMS 0x000000074f400000, 0x000000074f400000| Untracked 
|  84|0x000000074f600000, 0x000000074f800000, 0x000000074f800000|100%| O|  |TAMS 0x000000074f600000, 0x000000074f600000| Untracked 
|  85|0x000000074f800000, 0x000000074fa00000, 0x000000074fa00000|100%| O|  |TAMS 0x000000074f800000, 0x000000074f800000| Untracked 
|  86|0x000000074fa00000, 0x000000074fc00000, 0x000000074fc00000|100%| O|  |TAMS 0x000000074fa00000, 0x000000074fa00000| Untracked 
|  87|0x000000074fc00000, 0x000000074fe00000, 0x000000074fe00000|100%| O|  |TAMS 0x000000074fc00000, 0x000000074fc00000| Untracked 
|  88|0x000000074fe00000, 0x0000000750000000, 0x0000000750000000|100%| O|  |TAMS 0x000000074fe00000, 0x000000074fe00000| Untracked 
|  89|0x0000000750000000, 0x0000000750200000, 0x0000000750200000|100%| O|  |TAMS 0x0000000750000000, 0x0000000750000000| Untracked 
|  90|0x0000000750200000, 0x0000000750400000, 0x0000000750400000|100%| O|  |TAMS 0x0000000750200000, 0x0000000750200000| Untracked 
|  91|0x0000000750400000, 0x0000000750600000, 0x0000000750600000|100%| O|  |TAMS 0x0000000750400000, 0x0000000750400000| Untracked 
|  92|0x0000000750600000, 0x0000000750800000, 0x0000000750800000|100%| O|  |TAMS 0x0000000750600000, 0x0000000750600000| Untracked 
|  93|0x0000000750800000, 0x0000000750a00000, 0x0000000750a00000|100%| O|  |TAMS 0x0000000750800000, 0x0000000750800000| Untracked 
|  94|0x0000000750a00000, 0x0000000750c00000, 0x0000000750c00000|100%| O|  |TAMS 0x0000000750a00000, 0x0000000750a00000| Untracked 
|  95|0x0000000750c00000, 0x0000000750e00000, 0x0000000750e00000|100%| O|  |TAMS 0x0000000750c00000, 0x0000000750c00000| Untracked 
|  96|0x0000000750e00000, 0x0000000751000000, 0x0000000751000000|100%| O|  |TAMS 0x0000000750e00000, 0x0000000750e00000| Untracked 
|  97|0x0000000751000000, 0x0000000751200000, 0x0000000751200000|100%| O|  |TAMS 0x0000000751000000, 0x0000000751000000| Untracked 
|  98|0x0000000751200000, 0x0000000751400000, 0x0000000751400000|100%| O|  |TAMS 0x0000000751200000, 0x0000000751200000| Untracked 
|  99|0x0000000751400000, 0x0000000751600000, 0x0000000751600000|100%| O|  |TAMS 0x0000000751400000, 0x0000000751400000| Untracked 
| 100|0x0000000751600000, 0x0000000751800000, 0x0000000751800000|100%| O|  |TAMS 0x0000000751600000, 0x0000000751600000| Untracked 
| 101|0x0000000751800000, 0x0000000751a00000, 0x0000000751a00000|100%| O|  |TAMS 0x0000000751800000, 0x0000000751800000| Untracked 
| 102|0x0000000751a00000, 0x0000000751c00000, 0x0000000751c00000|100%| O|  |TAMS 0x0000000751a00000, 0x0000000751a00000| Untracked 
| 103|0x0000000751c00000, 0x0000000751e00000, 0x0000000751e00000|100%| O|  |TAMS 0x0000000751c00000, 0x0000000751c00000| Untracked 
| 104|0x0000000751e00000, 0x0000000752000000, 0x0000000752000000|100%| O|  |TAMS 0x0000000751e00000, 0x0000000751e00000| Untracked 
| 105|0x0000000752000000, 0x0000000752200000, 0x0000000752200000|100%| O|  |TAMS 0x0000000752000000, 0x0000000752000000| Untracked 
| 106|0x0000000752200000, 0x0000000752400000, 0x0000000752400000|100%| O|  |TAMS 0x0000000752200000, 0x0000000752200000| Untracked 
| 107|0x0000000752400000, 0x0000000752600000, 0x0000000752600000|100%| O|  |TAMS 0x0000000752400000, 0x0000000752400000| Untracked 
| 108|0x0000000752600000, 0x0000000752800000, 0x0000000752800000|100%| O|  |TAMS 0x0000000752600000, 0x0000000752600000| Untracked 
| 109|0x0000000752800000, 0x0000000752a00000, 0x0000000752a00000|100%| O|  |TAMS 0x0000000752800000, 0x0000000752800000| Untracked 
| 110|0x0000000752a00000, 0x0000000752c00000, 0x0000000752c00000|100%| O|  |TAMS 0x0000000752a00000, 0x0000000752a00000| Untracked 
| 111|0x0000000752c00000, 0x0000000752e00000, 0x0000000752e00000|100%| O|  |TAMS 0x0000000752c00000, 0x0000000752c00000| Untracked 
| 112|0x0000000752e00000, 0x0000000753000000, 0x0000000753000000|100%| O|  |TAMS 0x0000000752e00000, 0x0000000752e00000| Untracked 
| 113|0x0000000753000000, 0x0000000753200000, 0x0000000753200000|100%| O|  |TAMS 0x0000000753000000, 0x0000000753000000| Untracked 
| 114|0x0000000753200000, 0x0000000753400000, 0x0000000753400000|100%| O|  |TAMS 0x0000000753200000, 0x0000000753200000| Untracked 
| 115|0x0000000753400000, 0x0000000753600000, 0x0000000753600000|100%| O|  |TAMS 0x0000000753400000, 0x0000000753400000| Untracked 
| 116|0x0000000753600000, 0x0000000753800000, 0x0000000753800000|100%| O|  |TAMS 0x0000000753600000, 0x0000000753600000| Untracked 
| 117|0x0000000753800000, 0x0000000753a00000, 0x0000000753a00000|100%| O|  |TAMS 0x0000000753800000, 0x0000000753800000| Untracked 
| 118|0x0000000753a00000, 0x0000000753c00000, 0x0000000753c00000|100%| O|  |TAMS 0x0000000753a00000, 0x0000000753a00000| Untracked 
| 119|0x0000000753c00000, 0x0000000753e00000, 0x0000000753e00000|100%| O|  |TAMS 0x0000000753c00000, 0x0000000753c00000| Untracked 
| 120|0x0000000753e00000, 0x0000000754000000, 0x0000000754000000|100%| O|  |TAMS 0x0000000753e00000, 0x0000000753e00000| Untracked 
| 121|0x0000000754000000, 0x0000000754200000, 0x0000000754200000|100%| O|  |TAMS 0x0000000754000000, 0x0000000754000000| Untracked 
| 122|0x0000000754200000, 0x0000000754400000, 0x0000000754400000|100%| O|  |TAMS 0x0000000754200000, 0x0000000754200000| Untracked 
| 123|0x0000000754400000, 0x0000000754600000, 0x0000000754600000|100%| O|  |TAMS 0x0000000754400000, 0x0000000754400000| Untracked 
| 124|0x0000000754600000, 0x0000000754800000, 0x0000000754800000|100%| O|  |TAMS 0x0000000754600000, 0x0000000754600000| Untracked 
| 125|0x0000000754800000, 0x0000000754a00000, 0x0000000754a00000|100%| O|  |TAMS 0x0000000754800000, 0x0000000754800000| Untracked 
| 126|0x0000000754a00000, 0x0000000754c00000, 0x0000000754c00000|100%| O|  |TAMS 0x0000000754a00000, 0x0000000754a00000| Untracked 
| 127|0x0000000754c00000, 0x0000000754e00000, 0x0000000754e00000|100%| O|  |TAMS 0x0000000754c00000, 0x0000000754c00000| Untracked 
| 128|0x0000000754e00000, 0x0000000755000000, 0x0000000755000000|100%| O|  |TAMS 0x0000000754e00000, 0x0000000754e00000| Untracked 
| 129|0x0000000755000000, 0x0000000755200000, 0x0000000755200000|100%| O|  |TAMS 0x0000000755000000, 0x0000000755000000| Untracked 
| 130|0x0000000755200000, 0x0000000755400000, 0x0000000755400000|100%| O|  |TAMS 0x0000000755200000, 0x0000000755200000| Untracked 
| 131|0x0000000755400000, 0x0000000755600000, 0x0000000755600000|100%| O|  |TAMS 0x0000000755400000, 0x0000000755400000| Untracked 
| 132|0x0000000755600000, 0x00000007557821f0, 0x0000000755800000| 75%| O|  |TAMS 0x0000000755600000, 0x0000000755600000| Untracked 
| 133|0x0000000755800000, 0x0000000755800000, 0x0000000755a00000|  0%| F|  |TAMS 0x0000000755800000, 0x0000000755800000| Untracked 
| 134|0x0000000755a00000, 0x0000000755a00000, 0x0000000755c00000|  0%| F|  |TAMS 0x0000000755a00000, 0x0000000755a00000| Untracked 
| 135|0x0000000755c00000, 0x0000000755c00000, 0x0000000755e00000|  0%| F|  |TAMS 0x0000000755c00000, 0x0000000755c00000| Untracked 
| 136|0x0000000755e00000, 0x0000000755e00000, 0x0000000756000000|  0%| F|  |TAMS 0x0000000755e00000, 0x0000000755e00000| Untracked 
| 137|0x0000000756000000, 0x0000000756000000, 0x0000000756200000|  0%| F|  |TAMS 0x0000000756000000, 0x0000000756000000| Untracked 
| 138|0x0000000756200000, 0x0000000756200000, 0x0000000756400000|  0%| F|  |TAMS 0x0000000756200000, 0x0000000756200000| Untracked 
| 139|0x0000000756400000, 0x0000000756400000, 0x0000000756600000|  0%| F|  |TAMS 0x0000000756400000, 0x0000000756400000| Untracked 
| 140|0x0000000756600000, 0x0000000756600000, 0x0000000756800000|  0%| F|  |TAMS 0x0000000756600000, 0x0000000756600000| Untracked 
| 141|0x0000000756800000, 0x0000000756800000, 0x0000000756a00000|  0%| F|  |TAMS 0x0000000756800000, 0x0000000756800000| Untracked 
| 142|0x0000000756a00000, 0x0000000756a00000, 0x0000000756c00000|  0%| F|  |TAMS 0x0000000756a00000, 0x0000000756a00000| Untracked 
| 143|0x0000000756c00000, 0x0000000756c00000, 0x0000000756e00000|  0%| F|  |TAMS 0x0000000756c00000, 0x0000000756c00000| Untracked 
| 144|0x0000000756e00000, 0x0000000756e00000, 0x0000000757000000|  0%| F|  |TAMS 0x0000000756e00000, 0x0000000756e00000| Untracked 
| 145|0x0000000757000000, 0x0000000757000000, 0x0000000757200000|  0%| F|  |TAMS 0x0000000757000000, 0x0000000757000000| Untracked 
| 146|0x0000000757200000, 0x0000000757200000, 0x0000000757400000|  0%| F|  |TAMS 0x0000000757200000, 0x0000000757200000| Untracked 
| 147|0x0000000757400000, 0x0000000757600000, 0x0000000757600000|100%| S|  |TAMS 0x0000000757400000, 0x0000000757400000| Complete 
| 148|0x0000000757600000, 0x0000000757800000, 0x0000000757800000|100%| S|  |TAMS 0x0000000757600000, 0x0000000757600000| Complete 
| 149|0x0000000757800000, 0x0000000757a00000, 0x0000000757a00000|100%| S|  |TAMS 0x0000000757800000, 0x0000000757800000| Complete 
| 150|0x0000000757a00000, 0x0000000757c00000, 0x0000000757c00000|100%| E|CS|TAMS 0x0000000757a00000, 0x0000000757a00000| Complete 
| 151|0x0000000757c00000, 0x0000000757e00000, 0x0000000757e00000|100%| E|CS|TAMS 0x0000000757c00000, 0x0000000757c00000| Complete 
| 152|0x0000000757e00000, 0x0000000758000000, 0x0000000758000000|100%| E|CS|TAMS 0x0000000757e00000, 0x0000000757e00000| Complete 
| 153|0x0000000758000000, 0x0000000758200000, 0x0000000758200000|100%| E|CS|TAMS 0x0000000758000000, 0x0000000758000000| Complete 
| 154|0x0000000758200000, 0x0000000758400000, 0x0000000758400000|100%| E|CS|TAMS 0x0000000758200000, 0x0000000758200000| Complete 
| 155|0x0000000758400000, 0x0000000758600000, 0x0000000758600000|100%| E|CS|TAMS 0x0000000758400000, 0x0000000758400000| Complete 
| 156|0x0000000758600000, 0x0000000758800000, 0x0000000758800000|100%| E|CS|TAMS 0x0000000758600000, 0x0000000758600000| Complete 
| 157|0x0000000758800000, 0x0000000758a00000, 0x0000000758a00000|100%| E|CS|TAMS 0x0000000758800000, 0x0000000758800000| Complete 
| 158|0x0000000758a00000, 0x0000000758c00000, 0x0000000758c00000|100%| E|CS|TAMS 0x0000000758a00000, 0x0000000758a00000| Complete 
| 159|0x0000000758c00000, 0x0000000758e00000, 0x0000000758e00000|100%| E|CS|TAMS 0x0000000758c00000, 0x0000000758c00000| Complete 
| 160|0x0000000758e00000, 0x0000000759000000, 0x0000000759000000|100%| E|CS|TAMS 0x0000000758e00000, 0x0000000758e00000| Complete 
| 161|0x0000000759000000, 0x0000000759200000, 0x0000000759200000|100%| E|CS|TAMS 0x0000000759000000, 0x0000000759000000| Complete 
| 162|0x0000000759200000, 0x0000000759400000, 0x0000000759400000|100%| E|CS|TAMS 0x0000000759200000, 0x0000000759200000| Complete 
| 163|0x0000000759400000, 0x0000000759600000, 0x0000000759600000|100%| E|CS|TAMS 0x0000000759400000, 0x0000000759400000| Complete 
| 164|0x0000000759600000, 0x0000000759800000, 0x0000000759800000|100%| E|CS|TAMS 0x0000000759600000, 0x0000000759600000| Complete 
| 165|0x0000000759800000, 0x0000000759a00000, 0x0000000759a00000|100%| E|CS|TAMS 0x0000000759800000, 0x0000000759800000| Complete 
| 166|0x0000000759a00000, 0x0000000759c00000, 0x0000000759c00000|100%| E|CS|TAMS 0x0000000759a00000, 0x0000000759a00000| Complete 
| 167|0x0000000759c00000, 0x0000000759e00000, 0x0000000759e00000|100%| E|CS|TAMS 0x0000000759c00000, 0x0000000759c00000| Complete 
| 168|0x0000000759e00000, 0x000000075a000000, 0x000000075a000000|100%| E|CS|TAMS 0x0000000759e00000, 0x0000000759e00000| Complete 
| 169|0x000000075a000000, 0x000000075a200000, 0x000000075a200000|100%| E|CS|TAMS 0x000000075a000000, 0x000000075a000000| Complete 
| 170|0x000000075a200000, 0x000000075a400000, 0x000000075a400000|100%| E|CS|TAMS 0x000000075a200000, 0x000000075a200000| Complete 
| 171|0x000000075a400000, 0x000000075a600000, 0x000000075a600000|100%| E|CS|TAMS 0x000000075a400000, 0x000000075a400000| Complete 
| 172|0x000000075a600000, 0x000000075a800000, 0x000000075a800000|100%| E|CS|TAMS 0x000000075a600000, 0x000000075a600000| Complete 

Card table byte_map: [0x000001e890b00000,0x000001e8910e0000] _byte_map_base: 0x000001e88d0d9000

Marking Bits (Prev, Next): (CMBitMap*) 0x000001e885bb2720, (CMBitMap*) 0x000001e885bb26e0
 Prev Bits: [0x000001e894590000, 0x000001e897458000)
 Next Bits: [0x000001e8916c0000, 0x000001e894588000)

Polling page: 0x000001e885330000

Metaspace:

Usage:
  Non-class:    118.84 MB used.
      Class:     16.18 MB used.
       Both:    135.02 MB used.

Virtual space:
  Non-class space:      128.00 MB reserved,     120.19 MB ( 94%) committed,  2 nodes.
      Class space:        1.00 GB reserved,      17.06 MB (  2%) committed,  1 nodes.
             Both:        1.12 GB reserved,     137.25 MB ( 12%) committed. 

Chunk freelists:
   Non-Class:  7.66 MB
       Class:  14.88 MB
        Both:  22.53 MB

MaxMetaspaceSize: unlimited
CompressedClassSpaceSize: 1.00 GB
Initial GC threshold: 21.00 MB
Current GC threshold: 138.69 MB
CDS: on
MetaspaceReclaimPolicy: balanced
 - commit_granule_bytes: 65536.
 - commit_granule_words: 8192.
 - virtual_space_node_default_size: 8388608.
 - enlarge_chunks_in_place: 1.
 - new_chunks_are_fully_committed: 0.
 - uncommit_free_chunks: 1.
 - use_allocation_guard: 0.
 - handle_deallocations: 1.


Internal statistics:

num_allocs_failed_limit: 15.
num_arena_births: 3206.
num_arena_deaths: 2.
num_vsnodes_births: 3.
num_vsnodes_deaths: 0.
num_space_committed: 2196.
num_space_uncommitted: 0.
num_chunks_returned_to_freelist: 17.
num_chunks_taken_from_freelist: 10287.
num_chunk_merges: 15.
num_chunk_splits: 6710.
num_chunks_enlarged: 4293.
num_inconsistent_stats: 0.

CodeCache: size=49152Kb used=27691Kb max_used=27691Kb free=21460Kb
 bounds [0x000001e88d410000, 0x000001e88ef20000, 0x000001e890410000]
 total_blobs=15197 nmethods=14433 adapters=686
 compilation: enabled
              stopped_count=0, restarted_count=0
 full_count=0

Compilation events (20 events):
Event: 50.526 Thread 0x000001e899efe0f0 14689       1       nonapi.io.github.classgraph.scanspec.AcceptReject::access$000 (6 bytes)
Event: 50.526 Thread 0x000001e899efe0f0 nmethod 14689 0x000001e88ef17510 code [0x000001e88ef176a0, 0x000001e88ef17768]
Event: 50.526 Thread 0x000001e899efe0f0 14690       1       nonapi.io.github.classgraph.scanspec.AcceptReject::matchesPatternList (48 bytes)
Event: 50.526 Thread 0x000001e899efe0f0 nmethod 14690 0x000001e88ef17810 code [0x000001e88ef179e0, 0x000001e88ef17c08]
Event: 50.526 Thread 0x000001e899efe0f0 14691       1       nonapi.io.github.classgraph.fileslice.Slice::<init> (13 bytes)
Event: 50.526 Thread 0x000001e899efe0f0 nmethod 14691 0x000001e88ef17d90 code [0x000001e88ef17f20, 0x000001e88ef18028]
Event: 50.526 Thread 0x000001e899efe0f0 14695       1       java.util.ComparableTimSort::countRunAndMakeAscending (123 bytes)
Event: 50.527 Thread 0x000001e899efe0f0 nmethod 14695 0x000001e88ef18110 code [0x000001e88ef18300, 0x000001e88ef18948]
Event: 50.527 Thread 0x000001e899efe0f0 14694       1       nonapi.io.github.classgraph.fastzipfilereader.ZipFileSlice::hashCode (29 bytes)
Event: 50.527 Thread 0x000001e899efe0f0 nmethod 14694 0x000001e88ef18c10 code [0x000001e88ef18dc0, 0x000001e88ef191e8]
Event: 50.527 Thread 0x000001e899efe0f0 14696   !   1       nonapi.io.github.classgraph.fileslice.reader.RandomAccessFileChannelReader::read (93 bytes)
Event: 50.528 Thread 0x000001e899efe0f0 nmethod 14696 0x000001e88ef19310 code [0x000001e88ef19520, 0x000001e88ef19b88]
Event: 50.528 Thread 0x000001e899efe0f0 14697       1       nonapi.io.github.classgraph.fileslice.reader.RandomAccessFileChannelReader::readShort (7 bytes)
Event: 50.529 Thread 0x000001e899efe0f0 nmethod 14697 0x000001e88ef1a010 code [0x000001e88ef1a1a0, 0x000001e88ef1a288]
Event: 50.529 Thread 0x000001e899efe0f0 14698       1       nonapi.io.github.classgraph.fastzipfilereader.NestedJarHandler$RecyclableInflater::getInflater (5 bytes)
Event: 50.529 Thread 0x000001e899efe0f0 nmethod 14698 0x000001e88ef1a310 code [0x000001e88ef1a4a0, 0x000001e88ef1a578]
Event: 50.529 Thread 0x000001e899efe0f0 14692       1       nonapi.io.github.classgraph.fastzipfilereader.PhysicalZipFile::getPathStr (5 bytes)
Event: 50.529 Thread 0x000001e899efe0f0 nmethod 14692 0x000001e88ef1a610 code [0x000001e88ef1a7a0, 0x000001e88ef1a878]
Event: 50.529 Thread 0x000001e899efe0f0 14693       1       nonapi.io.github.classgraph.fastzipfilereader.NestedJarHandler::access$200 (5 bytes)
Event: 50.529 Thread 0x000001e899efe0f0 nmethod 14693 0x000001e88ef1a910 code [0x000001e88ef1aaa0, 0x000001e88ef1ab58]

GC Heap History (20 events):
Event: 45.774 GC heap before
{Heap before GC invocations=89 (full 0):
 garbage-first heap   total 354304K, used 310344K [0x0000000744e00000, 0x0000000800000000)
  region size 2048K, 30 young (61440K), 3 survivors (6144K)
 Metaspace       used 131886K, committed 134016K, reserved 1179648K
  class space    used 16078K, committed 16896K, reserved 1048576K
}
Event: 45.787 GC heap after
{Heap after GC invocations=90 (full 0):
 garbage-first heap   total 354304K, used 257051K [0x0000000744e00000, 0x0000000800000000)
  region size 2048K, 3 young (6144K), 3 survivors (6144K)
 Metaspace       used 131886K, committed 134016K, reserved 1179648K
  class space    used 16078K, committed 16896K, reserved 1048576K
}
Event: 46.294 GC heap before
{Heap before GC invocations=90 (full 0):
 garbage-first heap   total 354304K, used 310299K [0x0000000744e00000, 0x0000000800000000)
  region size 2048K, 29 young (59392K), 3 survivors (6144K)
 Metaspace       used 132334K, committed 134464K, reserved 1179648K
  class space    used 16109K, committed 16960K, reserved 1048576K
}
Event: 46.306 GC heap after
{Heap after GC invocations=91 (full 0):
 garbage-first heap   total 354304K, used 258956K [0x0000000744e00000, 0x0000000800000000)
  region size 2048K, 3 young (6144K), 3 survivors (6144K)
 Metaspace       used 132334K, committed 134464K, reserved 1179648K
  class space    used 16109K, committed 16960K, reserved 1048576K
}
Event: 46.981 GC heap before
{Heap before GC invocations=91 (full 0):
 garbage-first heap   total 354304K, used 310156K [0x0000000744e00000, 0x0000000800000000)
  region size 2048K, 28 young (57344K), 3 survivors (6144K)
 Metaspace       used 133470K, committed 135616K, reserved 1179648K
  class space    used 16188K, committed 17024K, reserved 1048576K
}
Event: 46.989 GC heap after
{Heap after GC invocations=92 (full 0):
 garbage-first heap   total 354304K, used 260431K [0x0000000744e00000, 0x0000000800000000)
  region size 2048K, 3 young (6144K), 3 survivors (6144K)
 Metaspace       used 133470K, committed 135616K, reserved 1179648K
  class space    used 16188K, committed 17024K, reserved 1048576K
}
Event: 47.674 GC heap before
{Heap before GC invocations=92 (full 0):
 garbage-first heap   total 354304K, used 309583K [0x0000000744e00000, 0x0000000800000000)
  region size 2048K, 27 young (55296K), 3 survivors (6144K)
 Metaspace       used 133878K, committed 136064K, reserved 1179648K
  class space    used 16214K, committed 17088K, reserved 1048576K
}
Event: 47.682 GC heap after
{Heap after GC invocations=93 (full 0):
 garbage-first heap   total 354304K, used 261871K [0x0000000744e00000, 0x0000000800000000)
  region size 2048K, 3 young (6144K), 3 survivors (6144K)
 Metaspace       used 133878K, committed 136064K, reserved 1179648K
  class space    used 16214K, committed 17088K, reserved 1048576K
}
Event: 48.131 GC heap before
{Heap before GC invocations=93 (full 0):
 garbage-first heap   total 354304K, used 308975K [0x0000000744e00000, 0x0000000800000000)
  region size 2048K, 26 young (53248K), 3 survivors (6144K)
 Metaspace       used 134371K, committed 136512K, reserved 1179648K
  class space    used 16250K, committed 17088K, reserved 1048576K
}
Event: 48.140 GC heap after
{Heap after GC invocations=94 (full 0):
 garbage-first heap   total 354304K, used 263399K [0x0000000744e00000, 0x0000000800000000)
  region size 2048K, 3 young (6144K), 3 survivors (6144K)
 Metaspace       used 134371K, committed 136512K, reserved 1179648K
  class space    used 16250K, committed 17088K, reserved 1048576K
}
Event: 48.838 GC heap before
{Heap before GC invocations=94 (full 0):
 garbage-first heap   total 354304K, used 308455K [0x0000000744e00000, 0x0000000800000000)
  region size 2048K, 25 young (51200K), 3 survivors (6144K)
 Metaspace       used 135028K, committed 137216K, reserved 1179648K
  class space    used 16298K, committed 17152K, reserved 1048576K
}
Event: 48.843 GC heap after
{Heap after GC invocations=95 (full 0):
 garbage-first heap   total 354304K, used 264888K [0x0000000744e00000, 0x0000000800000000)
  region size 2048K, 3 young (6144K), 3 survivors (6144K)
 Metaspace       used 135028K, committed 137216K, reserved 1179648K
  class space    used 16298K, committed 17152K, reserved 1048576K
}
Event: 49.167 GC heap before
{Heap before GC invocations=95 (full 0):
 garbage-first heap   total 354304K, used 307896K [0x0000000744e00000, 0x0000000800000000)
  region size 2048K, 24 young (49152K), 3 survivors (6144K)
 Metaspace       used 135676K, committed 137920K, reserved 1179648K
  class space    used 16345K, committed 17216K, reserved 1048576K
}
Event: 49.176 GC heap after
{Heap after GC invocations=96 (full 0):
 garbage-first heap   total 354304K, used 266365K [0x0000000744e00000, 0x0000000800000000)
  region size 2048K, 3 young (6144K), 3 survivors (6144K)
 Metaspace       used 135676K, committed 137920K, reserved 1179648K
  class space    used 16345K, committed 17216K, reserved 1048576K
}
Event: 49.530 GC heap before
{Heap before GC invocations=96 (full 0):
 garbage-first heap   total 354304K, used 309373K [0x0000000744e00000, 0x0000000800000000)
  region size 2048K, 24 young (49152K), 3 survivors (6144K)
 Metaspace       used 136440K, committed 138688K, reserved 1179648K
  class space    used 16400K, committed 17280K, reserved 1048576K
}
Event: 49.536 GC heap after
{Heap after GC invocations=97 (full 0):
 garbage-first heap   total 354304K, used 267367K [0x0000000744e00000, 0x0000000800000000)
  region size 2048K, 2 young (4096K), 2 survivors (4096K)
 Metaspace       used 136440K, committed 138688K, reserved 1179648K
  class space    used 16400K, committed 17280K, reserved 1048576K
}
Event: 49.906 GC heap before
{Heap before GC invocations=97 (full 0):
 garbage-first heap   total 354304K, used 312423K [0x0000000744e00000, 0x0000000800000000)
  region size 2048K, 24 young (49152K), 2 survivors (4096K)
 Metaspace       used 136914K, committed 139200K, reserved 1179648K
  class space    used 16438K, committed 17344K, reserved 1048576K
}
Event: 49.913 GC heap after
{Heap after GC invocations=98 (full 0):
 garbage-first heap   total 354304K, used 268879K [0x0000000744e00000, 0x0000000800000000)
  region size 2048K, 2 young (4096K), 2 survivors (4096K)
 Metaspace       used 136914K, committed 139200K, reserved 1179648K
  class space    used 16438K, committed 17344K, reserved 1048576K
}
Event: 50.432 GC heap before
{Heap before GC invocations=98 (full 0):
 garbage-first heap   total 354304K, used 311887K [0x0000000744e00000, 0x0000000800000000)
  region size 2048K, 23 young (47104K), 2 survivors (4096K)
 Metaspace       used 138095K, committed 140352K, reserved 1179648K
  class space    used 16554K, committed 17472K, reserved 1048576K
}
Event: 50.437 GC heap after
{Heap after GC invocations=99 (full 0):
 garbage-first heap   total 354304K, used 270221K [0x0000000744e00000, 0x0000000800000000)
  region size 2048K, 2 young (4096K), 2 survivors (4096K)
 Metaspace       used 138095K, committed 140352K, reserved 1179648K
  class space    used 16554K, committed 17472K, reserved 1048576K
}

Deoptimization events (20 events):
Event: 23.022 Thread 0x000001e885b58fb0 DEOPT PACKING pc=0x000001e88e1b21b4 sp=0x00000075b8af6c70
Event: 23.022 Thread 0x000001e885b58fb0 DEOPT UNPACKING pc=0x000001e88d4666e3 sp=0x00000075b8af6238 mode 0
Event: 23.077 Thread 0x000001e885b58fb0 DEOPT PACKING pc=0x000001e88e1b21b4 sp=0x00000075b8af8f50
Event: 23.077 Thread 0x000001e885b58fb0 DEOPT UNPACKING pc=0x000001e88d4666e3 sp=0x00000075b8af8518 mode 0
Event: 23.218 Thread 0x000001e885b58fb0 DEOPT PACKING pc=0x000001e88e1b21b4 sp=0x00000075b8afa060
Event: 23.218 Thread 0x000001e885b58fb0 DEOPT UNPACKING pc=0x000001e88d4666e3 sp=0x00000075b8af9628 mode 0
Event: 24.556 Thread 0x000001e885b58fb0 DEOPT PACKING pc=0x000001e88ecc1270 sp=0x00000075b8af1ec0
Event: 24.556 Thread 0x000001e885b58fb0 DEOPT UNPACKING pc=0x000001e88d4666e3 sp=0x00000075b8af1580 mode 0
Event: 24.556 Thread 0x000001e885b58fb0 DEOPT PACKING pc=0x000001e88ecbf774 sp=0x00000075b8af22a0
Event: 24.556 Thread 0x000001e885b58fb0 DEOPT UNPACKING pc=0x000001e88d4666e3 sp=0x00000075b8af1960 mode 0
Event: 24.556 Thread 0x000001e885b58fb0 DEOPT PACKING pc=0x000001e88ecbf774 sp=0x00000075b8af2680
Event: 24.556 Thread 0x000001e885b58fb0 DEOPT UNPACKING pc=0x000001e88d4666e3 sp=0x00000075b8af1d40 mode 0
Event: 38.970 Thread 0x000001e885b58fb0 DEOPT PACKING pc=0x000001e88e1b21b4 sp=0x00000075b8afc3f0
Event: 38.971 Thread 0x000001e885b58fb0 DEOPT UNPACKING pc=0x000001e88d4666e3 sp=0x00000075b8afb9b8 mode 0
Event: 39.461 Thread 0x000001e885b58fb0 DEOPT PACKING pc=0x000001e88e00adec sp=0x00000075b8afe2d0
Event: 39.461 Thread 0x000001e885b58fb0 DEOPT UNPACKING pc=0x000001e88d4666e3 sp=0x00000075b8afd868 mode 0
Event: 39.461 Thread 0x000001e885b58fb0 DEOPT PACKING pc=0x000001e88e00adec sp=0x00000075b8afe7c0
Event: 39.461 Thread 0x000001e885b58fb0 DEOPT UNPACKING pc=0x000001e88d4666e3 sp=0x00000075b8afdd58 mode 0
Event: 49.893 Thread 0x000001e885b58fb0 DEOPT PACKING pc=0x000001e88ee88924 sp=0x00000075b8afc840
Event: 49.893 Thread 0x000001e885b58fb0 DEOPT UNPACKING pc=0x000001e88d4666e3 sp=0x00000075b8afbdb8 mode 0

Classes unloaded (1 events):
Event: 6.641 Thread 0x000001e899edc070 Unloading class 0x000001e89b1b0000 'SC'

Classes redefined (0 events):
No events

Internal exceptions (20 events):
Event: 23.004 Thread 0x000001e885b58fb0 Exception <a 'java/lang/NoSuchMethodError'{0x0000000755719b58}: 'java.lang.Object java.lang.invoke.DirectMethodHandle$Holder.newInvokeSpecial(java.lang.Object, long, java.lang.Object)'> (0x0000000755719b58) 
thrown [s\open\src\hotspot\share\interpreter\linkResolver.cpp, line 759]
Event: 23.004 Thread 0x000001e885b58fb0 Exception <a 'java/lang/NoSuchMethodError'{0x000000075571e758}: 'java.lang.Object java.lang.invoke.DirectMethodHandle$Holder.invokeSpecial(java.lang.Object, java.lang.Object, long, java.lang.Object)'> (0x000000075571e758) 
thrown [s\open\src\hotspot\share\interpreter\linkResolver.cpp, line 759]
Event: 23.006 Thread 0x000001e885b58fb0 Exception <a 'java/lang/NoSuchMethodError'{0x00000007557467b0}: 'void java.lang.invoke.DirectMethodHandle$Holder.invokeStatic(java.lang.Object, long)'> (0x00000007557467b0) 
thrown [s\open\src\hotspot\share\interpreter\linkResolver.cpp, line 759]
Event: 23.007 Thread 0x000001e885b58fb0 Exception <a 'java/lang/NoSuchMethodError'{0x000000075575c8a0}: 'double java.lang.invoke.DirectMethodHandle$Holder.invokeStatic(java.lang.Object, java.lang.Object)'> (0x000000075575c8a0) 
thrown [s\open\src\hotspot\share\interpreter\linkResolver.cpp, line 759]
Event: 23.116 Thread 0x000001e885b58fb0 Exception <a 'java/lang/reflect/InvocationTargetException'{0x00000007543e2610}> (0x00000007543e2610) 
thrown [s\open\src\hotspot\share\runtime\reflection.cpp, line 1121]
Event: 23.118 Thread 0x000001e885b58fb0 Exception <a 'java/lang/reflect/InvocationTargetException'{0x00000007543fcc00}> (0x00000007543fcc00) 
thrown [s\open\src\hotspot\share\runtime\reflection.cpp, line 1121]
Event: 23.119 Thread 0x000001e885b58fb0 Exception <a 'java/lang/reflect/InvocationTargetException'{0x0000000754010178}> (0x0000000754010178) 
thrown [s\open\src\hotspot\share\runtime\reflection.cpp, line 1121]
Event: 23.137 Thread 0x000001e885b58fb0 Exception <a 'java/lang/reflect/InvocationTargetException'{0x0000000753896238}> (0x0000000753896238) 
thrown [s\open\src\hotspot\share\runtime\reflection.cpp, line 1121]
Event: 23.149 Thread 0x000001e885b58fb0 Exception <a 'java/lang/reflect/InvocationTargetException'{0x00000007539d6328}> (0x00000007539d6328) 
thrown [s\open\src\hotspot\share\runtime\reflection.cpp, line 1121]
Event: 23.153 Thread 0x000001e885b58fb0 Exception <a 'java/lang/reflect/InvocationTargetException'{0x0000000753613468}> (0x0000000753613468) 
thrown [s\open\src\hotspot\share\runtime\reflection.cpp, line 1121]
Event: 23.155 Thread 0x000001e885b58fb0 Exception <a 'java/lang/reflect/InvocationTargetException'{0x000000075364b198}> (0x000000075364b198) 
thrown [s\open\src\hotspot\share\runtime\reflection.cpp, line 1121]
Event: 23.159 Thread 0x000001e885b58fb0 Exception <a 'java/lang/reflect/InvocationTargetException'{0x00000007536c6a30}> (0x00000007536c6a30) 
thrown [s\open\src\hotspot\share\runtime\reflection.cpp, line 1121]
Event: 23.161 Thread 0x000001e885b58fb0 Exception <a 'java/lang/reflect/InvocationTargetException'{0x0000000753715590}> (0x0000000753715590) 
thrown [s\open\src\hotspot\share\runtime\reflection.cpp, line 1121]
Event: 23.163 Thread 0x000001e885b58fb0 Exception <a 'java/lang/reflect/InvocationTargetException'{0x0000000753736840}> (0x0000000753736840) 
thrown [s\open\src\hotspot\share\runtime\reflection.cpp, line 1121]
Event: 24.594 Thread 0x000001e885b58fb0 Exception <a 'java/lang/NoSuchMethodError'{0x0000000752c61a60}: 'java.lang.Object java.lang.invoke.DirectMethodHandle$Holder.invokeInterface(java.lang.Object, java.lang.Object, int)'> (0x0000000752c61a60) 
thrown [s\open\src\hotspot\share\interpreter\linkResolver.cpp, line 759]
Event: 31.183 Thread 0x000001e885b58fb0 Exception <a 'java/lang/IncompatibleClassChangeError'{0x00000007557b7ec8}: Found class java.lang.Object, but interface was expected> (0x00000007557b7ec8) 
thrown [s\open\src\hotspot\share\interpreter\linkResolver.cpp, line 826]
Event: 32.742 Thread 0x000001e885b58fb0 Exception <a 'java/lang/NoSuchMethodError'{0x0000000754e84f00}: 'int java.lang.invoke.DirectMethodHandle$Holder.invokeStaticInit(java.lang.Object, java.lang.Object, java.lang.Object, java.lang.Object)'> (0x0000000754e84f00) 
thrown [s\open\src\hotspot\share\interpreter\linkResolver.cpp, line 759]
Event: 39.029 Thread 0x000001e885b58fb0 Exception <a 'sun/nio/fs/WindowsException'{0x00000007568f9bc8}> (0x00000007568f9bc8) 
thrown [s\open\src\hotspot\share\prims\jni.cpp, line 516]
Event: 39.184 Thread 0x000001e885b58fb0 Exception <a 'java/lang/NoSuchMethodError'{0x00000007592a3b28}: 'void java.lang.invoke.DirectMethodHandle$Holder.invokeVirtual(java.lang.Object, java.lang.Object, java.lang.Object, java.lang.Object)'> (0x00000007592a3b28) 
thrown [s\open\src\hotspot\share\interpreter\linkResolver.cpp, line 759]
Event: 40.269 Thread 0x000001e885b58fb0 Exception <a 'java/lang/NoSuchMethodError'{0x000000075a4d1c28}: 'void java.lang.invoke.DirectMethodHandle$Holder.invokeSpecial(java.lang.Object, java.lang.Object, int)'> (0x000000075a4d1c28) 
thrown [s\open\src\hotspot\share\interpreter\linkResolver.cpp, line 759]

VM Operations (20 events):
Event: 46.294 Executing VM operation: G1CollectForAllocation
Event: 46.306 Executing VM operation: G1CollectForAllocation done
Event: 46.981 Executing VM operation: G1CollectForAllocation
Event: 46.989 Executing VM operation: G1CollectForAllocation done
Event: 47.673 Executing VM operation: G1CollectForAllocation
Event: 47.682 Executing VM operation: G1CollectForAllocation done
Event: 48.131 Executing VM operation: G1CollectForAllocation
Event: 48.140 Executing VM operation: G1CollectForAllocation done
Event: 48.838 Executing VM operation: G1CollectForAllocation
Event: 48.843 Executing VM operation: G1CollectForAllocation done
Event: 49.167 Executing VM operation: G1CollectForAllocation
Event: 49.176 Executing VM operation: G1CollectForAllocation done
Event: 49.530 Executing VM operation: G1CollectForAllocation
Event: 49.536 Executing VM operation: G1CollectForAllocation done
Event: 49.893 Executing VM operation: HandshakeAllThreads
Event: 49.893 Executing VM operation: HandshakeAllThreads done
Event: 49.906 Executing VM operation: G1CollectForAllocation
Event: 49.913 Executing VM operation: G1CollectForAllocation done
Event: 50.431 Executing VM operation: G1CollectForAllocation
Event: 50.437 Executing VM operation: G1CollectForAllocation done

Events (20 events):
Event: 50.431 Thread 0x000001e8e2dedf80 Thread added: 0x000001e8e2dedf80
Event: 50.431 Thread 0x000001e8e2deb700 Thread added: 0x000001e8e2deb700
Event: 50.431 Thread 0x000001e8e8f65fb0 Thread added: 0x000001e8e8f65fb0
Event: 50.431 Thread 0x000001e8e8f67900 Thread added: 0x000001e8e8f67900
Event: 50.431 Thread 0x000001e8e8f66ee0 Thread added: 0x000001e8e8f66ee0
Event: 50.431 Thread 0x000001e8e8f6a180 Thread added: 0x000001e8e8f6a180
Event: 50.437 loading class sun/nio/fs/WindowsLinkSupport
Event: 50.437 Thread 0x000001e8e8f65aa0 Thread added: 0x000001e8e8f65aa0
Event: 50.437 Thread 0x000001e8e8f664c0 Thread added: 0x000001e8e8f664c0
Event: 50.437 Thread 0x000001e8e8f6c4f0 Thread added: 0x000001e8e8f6c4f0
Event: 50.437 Thread 0x000001e8e8f65080 Thread added: 0x000001e8e8f65080
Event: 50.438 Thread 0x000001e8e8f65590 Thread added: 0x000001e8e8f65590
Event: 50.438 Thread 0x000001e8e8f673f0 Thread added: 0x000001e8e8f673f0
Event: 50.438 loading class sun/nio/fs/WindowsLinkSupport done
Event: 50.452 loading class java/nio/channels/spi/AbstractInterruptibleChannel$1
Event: 50.453 loading class java/nio/channels/spi/AbstractInterruptibleChannel$1 done
Event: 50.454 loading class java/nio/ReadOnlyBufferException
Event: 50.454 loading class java/nio/ReadOnlyBufferException done
Event: 50.456 loading class java/util/zip/DataFormatException
Event: 50.457 loading class java/util/zip/DataFormatException done


Dynamic libraries:
0x00007ff7583a0000 - 0x00007ff7583b0000 	C:\Program Files\Java\jdk-17\bin\java.exe
0x00007ff84d250000 - 0x00007ff84d448000 	C:\Windows\SYSTEM32\ntdll.dll
0x00007ff84bcc0000 - 0x00007ff84bd82000 	C:\Windows\System32\KERNEL32.DLL
0x00007ff84aab0000 - 0x00007ff84adae000 	C:\Windows\System32\KERNELBASE.dll
0x00007ff84a9b0000 - 0x00007ff84aab0000 	C:\Windows\System32\ucrtbase.dll
0x00007ff8436c0000 - 0x00007ff8436db000 	C:\Program Files\Java\jdk-17\bin\VCRUNTIME140.dll
0x00007ff843640000 - 0x00007ff843659000 	C:\Program Files\Java\jdk-17\bin\jli.dll
0x00007ff84d100000 - 0x00007ff84d1b2000 	C:\Windows\System32\ADVAPI32.dll
0x00007ff84c9c0000 - 0x00007ff84ca5e000 	C:\Windows\System32\msvcrt.dll
0x00007ff84b9f0000 - 0x00007ff84ba90000 	C:\Windows\System32\sechost.dll
0x00007ff84bb90000 - 0x00007ff84bcb3000 	C:\Windows\System32\RPCRT4.dll
0x00007ff84a980000 - 0x00007ff84a9a7000 	C:\Windows\System32\bcrypt.dll
0x00007ff82c470000 - 0x00007ff82c70a000 	C:\Windows\WinSxS\amd64_microsoft.windows.common-controls_6595b64144ccf1df_6.0.19041.4355_none_60b8b9eb71f62e16\COMCTL32.dll
0x00007ff84cf60000 - 0x00007ff84d0fd000 	C:\Windows\System32\USER32.dll
0x00007ff84d1e0000 - 0x00007ff84d20b000 	C:\Windows\System32\GDI32.dll
0x00007ff84af80000 - 0x00007ff84afa2000 	C:\Windows\System32\win32u.dll
0x00007ff84b0a0000 - 0x00007ff84b1b7000 	C:\Windows\System32\gdi32full.dll
0x00007ff84b000000 - 0x00007ff84b09d000 	C:\Windows\System32\msvcp_win.dll
0x00007ff840b80000 - 0x00007ff840b8a000 	C:\Windows\SYSTEM32\VERSION.dll
0x00007ff84c1c0000 - 0x00007ff84c1ef000 	C:\Windows\System32\IMM32.DLL
0x00007ff8435a0000 - 0x00007ff8435ac000 	C:\Program Files\Java\jdk-17\bin\vcruntime140_1.dll
0x00007ff8214e0000 - 0x00007ff82156e000 	C:\Program Files\Java\jdk-17\bin\msvcp140.dll
0x00007fffca130000 - 0x00007fffcad0f000 	C:\Program Files\Java\jdk-17\bin\server\jvm.dll
0x00007ff84b9e0000 - 0x00007ff84b9e8000 	C:\Windows\System32\PSAPI.DLL
0x00007ff83a2c0000 - 0x00007ff83a2e7000 	C:\Windows\SYSTEM32\WINMM.dll
0x00007ff827e30000 - 0x00007ff827e39000 	C:\Windows\SYSTEM32\WSOCK32.dll
0x00007ff84bb20000 - 0x00007ff84bb8b000 	C:\Windows\System32\WS2_32.dll
0x00007ff848f10000 - 0x00007ff848f22000 	C:\Windows\SYSTEM32\kernel.appcore.dll
0x00007ff840300000 - 0x00007ff84030a000 	C:\Program Files\Java\jdk-17\bin\jimage.dll
0x00007ff8481e0000 - 0x00007ff8483c4000 	C:\Windows\SYSTEM32\DBGHELP.DLL
0x00007ff83c110000 - 0x00007ff83c144000 	C:\Windows\SYSTEM32\dbgcore.DLL
0x00007ff84a8f0000 - 0x00007ff84a972000 	C:\Windows\System32\bcryptPrimitives.dll
0x00007ff8402d0000 - 0x00007ff8402f5000 	C:\Program Files\Java\jdk-17\bin\java.dll
0x00007ff81f370000 - 0x00007ff81f447000 	C:\Program Files\Java\jdk-17\bin\jsvml.dll
0x00007ff84c250000 - 0x00007ff84c9bf000 	C:\Windows\System32\SHELL32.dll
0x00007ff848620000 - 0x00007ff848dc4000 	C:\Windows\SYSTEM32\windows.storage.dll
0x00007ff84b270000 - 0x00007ff84b5c3000 	C:\Windows\System32\combase.dll
0x00007ff84a170000 - 0x00007ff84a19e000 	C:\Windows\SYSTEM32\Wldp.dll
0x00007ff84b910000 - 0x00007ff84b9dd000 	C:\Windows\System32\OLEAUT32.dll
0x00007ff84b5d0000 - 0x00007ff84b67d000 	C:\Windows\System32\SHCORE.dll
0x00007ff84c1f0000 - 0x00007ff84c245000 	C:\Windows\System32\shlwapi.dll
0x00007ff84a820000 - 0x00007ff84a844000 	C:\Windows\SYSTEM32\profapi.dll
0x00007ff840170000 - 0x00007ff840189000 	C:\Program Files\Java\jdk-17\bin\net.dll
0x00007ff849810000 - 0x00007ff84991d000 	C:\Windows\SYSTEM32\WINHTTP.dll
0x00007ff849f50000 - 0x00007ff849fba000 	C:\Windows\system32\mswsock.dll
0x00007ff840150000 - 0x00007ff840166000 	C:\Program Files\Java\jdk-17\bin\nio.dll
0x00007ff840130000 - 0x00007ff840148000 	C:\Program Files\Java\jdk-17\bin\zip.dll
0x00007ff83de90000 - 0x00007ff83de9e000 	C:\Program Files\Java\jdk-17\bin\sunmscapi.dll
0x00007ff84adb0000 - 0x00007ff84af0c000 	C:\Windows\System32\CRYPT32.dll
0x00007ff84a390000 - 0x00007ff84a3b7000 	C:\Windows\SYSTEM32\ncrypt.dll
0x00007ff84a350000 - 0x00007ff84a38b000 	C:\Windows\SYSTEM32\NTASN1.dll
0x00007ff8402c0000 - 0x00007ff8402d0000 	C:\Program Files\Java\jdk-17\bin\verify.dll
0x00007ff83dec0000 - 0x00007ff83deca000 	C:\Program Files\Java\jdk-17\bin\management.dll
0x00007ff83deb0000 - 0x00007ff83debb000 	C:\Program Files\Java\jdk-17\bin\management_ext.dll
0x00007ff84a210000 - 0x00007ff84a228000 	C:\Windows\SYSTEM32\CRYPTSP.dll
0x00007ff849780000 - 0x00007ff8497b4000 	C:\Windows\system32\rsaenh.dll
0x00007ff84a7a0000 - 0x00007ff84a7ce000 	C:\Windows\SYSTEM32\USERENV.dll
0x00007ff84a0e0000 - 0x00007ff84a0ec000 	C:\Windows\SYSTEM32\CRYPTBASE.dll
0x00007ff849c50000 - 0x00007ff849c8b000 	C:\Windows\SYSTEM32\IPHLPAPI.DLL
0x00007ff84bb10000 - 0x00007ff84bb18000 	C:\Windows\System32\NSI.dll
0x00007ff843ef0000 - 0x00007ff843f07000 	C:\Windows\SYSTEM32\dhcpcsvc6.DLL
0x00007ff843ec0000 - 0x00007ff843edd000 	C:\Windows\SYSTEM32\dhcpcsvc.DLL
0x00007ff849c90000 - 0x00007ff849d5a000 	C:\Windows\SYSTEM32\DNSAPI.dll
0x00007ff842820000 - 0x00007ff84282a000 	C:\Windows\System32\rasadhlp.dll
0x00007ff843f20000 - 0x00007ff843fa0000 	C:\Windows\System32\fwpuclnt.dll
0x00007ff826bf0000 - 0x00007ff826c07000 	C:\Windows\system32\napinsp.dll
0x00007ff826a30000 - 0x00007ff826a4b000 	C:\Windows\system32\pnrpnsp.dll
0x00007ff844bf0000 - 0x00007ff844c05000 	C:\Windows\system32\wshbth.dll
0x00007ff844a00000 - 0x00007ff844a1d000 	C:\Windows\system32\NLAapi.dll
0x00007ff826a10000 - 0x00007ff826a22000 	C:\Windows\System32\winrnr.dll

dbghelp: loaded successfully - version: 4.0.5 - missing functions: none
symbol engine: initialized successfully - sym options: 0x614 - pdb path: .;C:\Program Files\Java\jdk-17\bin;C:\Windows\SYSTEM32;C:\Windows\WinSxS\amd64_microsoft.windows.common-controls_6595b64144ccf1df_6.0.19041.4355_none_60b8b9eb71f62e16;C:\Program Files\Java\jdk-17\bin\server

VM Arguments:
jvm_args: -Dspring.output.ansi.enabled=ALWAYS -XX:TieredStopAtLevel=1 -Dfile.encoding=windows-1252 -Duser.country=FR -Duser.language=fr -Duser.variant 
java_command: org.apache.fineract.ServerApplication
java_class_path (initial): C:\Users\d.ngantchou\.gradle\.tmp\gradle-javaexec-classpath2978937504733951421.jar
Launcher Type: SUN_STANDARD

[Global flags]
     intx CICompilerCount                          = 4                                         {product} {ergonomic}
     uint ConcGCThreads                            = 2                                         {product} {ergonomic}
     uint G1ConcRefinementThreads                  = 8                                         {product} {ergonomic}
   size_t G1HeapRegionSize                         = 2097152                                   {product} {ergonomic}
    uintx GCDrainStackTargetSize                   = 64                                        {product} {ergonomic}
   size_t InitialHeapSize                          = 197132288                                 {product} {ergonomic}
   size_t MarkStackSize                            = 4194304                                   {product} {ergonomic}
   size_t MaxHeapSize                              = 3139436544                                {product} {ergonomic}
   size_t MaxNewSize                               = 1883242496                                {product} {ergonomic}
   size_t MinHeapDeltaBytes                        = 2097152                                   {product} {ergonomic}
   size_t MinHeapSize                              = 8388608                                   {product} {ergonomic}
    uintx NonProfiledCodeHeapSize                  = 0                                      {pd product} {ergonomic}
     bool ProfileInterpreter                       = false                                  {pd product} {command line}
    uintx ProfiledCodeHeapSize                     = 0                                      {pd product} {ergonomic}
   size_t SoftMaxHeapSize                          = 3139436544                             {manageable} {ergonomic}
     intx TieredStopAtLevel                        = 1                                         {product} {command line}
     bool UseCompressedClassPointers               = true                           {product lp64_product} {ergonomic}
     bool UseCompressedOops                        = true                           {product lp64_product} {ergonomic}
     bool UseG1GC                                  = true                                      {product} {ergonomic}
     bool UseLargePagesIndividualAllocation        = false                                  {pd product} {ergonomic}

Logging:
Log output configuration:
 #0: stdout all=warning uptime,level,tags
 #1: stderr all=off uptime,level,tags

Environment Variables:
JAVA_HOME=C:\Program Files\Java\jdk-17
PATH=C:\Users\d.ngantchou\bin;C:\Program Files\Git\mingw64\bin;C:\Program Files\Git\usr\local\bin;C:\Program Files\Git\usr\bin;C:\Program Files\Git\usr\bin;C:\Program Files\Git\mingw64\bin;C:\Program Files\Git\usr\bin;C:\Users\d.ngantchou\bin;D:\app\d.ngantchou\product\11.2.0\client_2\bin;C:\Program Files\Common Files\Oracle\Java\javapath;C:\Windows\system32;C:\Windows;C:\Windows\System32\Wbem;C:\Windows\System32\WindowsPowerShell\v1.0;C:\Windows\System32\OpenSSH;C:\Program Files\Git\cmd;C:\Program Files\nodejs;C:\xampp\php;C:\composer;C:\Program Files\Java\jdk-17\bin;C:\xampp\mysql\bin;C:\Gradle\gradle-8.6\bin;C:\Program Files\Microsoft SQL Server\150\Tools\Binn;C:\Program Files\Microsoft SQL Server\Client SDK\ODBC\170\Tools\Binn;C:\Program Files\dotnet;C:\instantclient_23_4;C:\Program Files\PuTTY;C:\Users\d.ngantchou\AppData\Local\Microsoft\WindowsApps;C:\Users\d.ngantchou\AppData\Local\Programs\Microsoft VS Code\bin;C:\Users\d.ngantchou\AppData\Roaming\npm;C:\Users\d.ngantchou\AppData\Roaming\Composer\vendor\bin;C:\Users\d.ngantchou\.dotnet\tools;C:\instantclient_23_4;C:\Users\d.ngantchou\flutter\bin;C:\Program Files\Git\usr\bin\vendor_perl;C:\Program Files\Git\usr\bin\core_perl
USERNAME=d.ngantchou
SHELL=C:\Program Files\Git\usr\bin\bash.exe
DISPLAY=needs-to-be-defined
LC_CTYPE=fr_FR.UTF-8
OS=Windows_NT
PROCESSOR_IDENTIFIER=Intel64 Family 6 Model 140 Stepping 1, GenuineIntel



---------------  S Y S T E M  ---------------

OS:
 Windows 10 , 64 bit Build 19041 (10.0.19041.4957)
OS uptime: 0 days 17:02 hours
Hyper-V role detected

CPU: total 8 (initial active 8) (4 cores per cpu, 2 threads per core) family 6 model 140 stepping 1 microcode 0xb6, cx8, cmov, fxsr, ht, mmx, 3dnowpref, sse, sse2, sse3, ssse3, sse4.1, sse4.2, popcnt, lzcnt, tsc, tscinvbit, avx, avx2, aes, erms, clmul, bmi1, bmi2, adx, avx512f, avx512dq, avx512cd, avx512bw, avx512vl, sha, fma, vzeroupper, avx512_vpopcntdq, avx512_vpclmulqdq, avx512_vaes, avx512_vnni, clflush, clflushopt, clwb, avx512_vbmi2, avx512_vbmi, hv

Memory: 4k page, system-wide physical 11968M (293M free)
TotalPageFile size 25904M (AvailPageFile size 1M)
current process WorkingSet (physical memory assigned to process): 602M, peak: 611M
current process commit charge ("private bytes"): 677M, peak: 677M

vm_info: Java HotSpot(TM) 64-Bit Server VM (17.0.10+11-LTS-240) for windows-amd64 JRE (17.0.10+11-LTS-240), built on Dec 19 2023 21:47:25 by "mach5one" with MS VC++ 17.1 (VS2022)

END.
